
> preview
> node scripts/with-app-env.mjs vite preview


 ╭────────── [Build Info] ─────────────╮
 │                                     │
 │  - Build Directory: .vercel/output  │
 │  - Date: 8/27/2026, 3:45:48 AM      │
 │  - Nitro Version: 3.0.260610-beta   │
 │  - Nitro Preset: vercel             │
 │                                     │
 ╰─────────────────────────────────────╯


 ╭─────────────── [Environment Variables] ─────────────────╮
 │                                                         │
 │  Loaded variables from .env files (preview mode only).  │
 │  Set platform environment variables for production:     │
 │   - VITE_AUTH_ENABLED                                   │
 │                                                         │
 ╰─────────────────────────────────────────────────────────╯

  ➜  Local:   http://127.0.0.1:8081/

> preview
> node scripts/with-app-env.mjs vite preview


 ╭────────── [Build Info] ─────────────╮
 │                                     │
 │  - Build Directory: .vercel/output  │
 │  - Date: 8/27/2026, 5:19:51 AM      │
 │  - Nitro Version: 3.0.260610-beta   │
 │  - Nitro Preset: vercel             │
 │                                     │
 ╰─────────────────────────────────────╯


 ╭─────────────── [Environment Variables] ─────────────────╮
 │                                                         │
 │  Loaded variables from .env files (preview mode only).  │
 │  Set platform environment variables for production:     │
 │   - VITE_AUTH_ENABLED                                   │
 │                                                         │
 ╰─────────────────────────────────────────────────────────╯

  ➜  Local:   http://127.0.0.1:8081/

> preview
> node scripts/with-app-env.mjs vite preview


 ╭────────── [Build Info] ─────────────╮
 │                                     │
 │  - Build Directory: .vercel/output  │
 │  - Date: 8/28/2026, 6:56:47 AM      │
 │  - Nitro Version: 3.0.260610-beta   │
 │  - Nitro Preset: vercel             │
 │                                     │
 ╰─────────────────────────────────────╯


 ╭─────────────── [Environment Variables] ─────────────────╮
 │                                                         │
 │  Loaded variables from .env files (preview mode only).  │
 │  Set platform environment variables for production:     │
 │   - VITE_AUTH_ENABLED                                   │
 │                                                         │
 ╰─────────────────────────────────────────────────────────╯

  ➜  Local:   http://127.0.0.1:8081/
